// Jest Snapshot v1, https://goo.gl/fbAQLP

exports[`matches snapshot 1`] = `
<DocumentFragment>
  <div
    class="sc-ivxoEo kMmNve"
  >
    <h1
      class="sc-ghWlax gLzocQ"
    >
      Rick and Morty Characters
    </h1>
    <div
      class="sc-kLhKbu bIdqYx"
    >
      <div
        class="sc-ixGGxD drxqNd"
      >
        <img
          alt="Rick Sanchez"
          class="sc-khLCKb gnBVMO"
          src="rick.png"
        />
        <p
          class="sc-dstKZu cYWaNR"
        >
          Rick Sanchez
        </p>
      </div>
      <div
        class="sc-ixGGxD drxqNd"
      >
        <img
          alt="Morty Smith"
          class="sc-khLCKb gnBVMO"
          src="morty.png"
        />
        <p
          class="sc-dstKZu cYWaNR"
        >
          Morty Smith
        </p>
      </div>
    </div>
    <div
      class="sc-keTIit icbnmb"
    >
      <button
        class="sc-dpBQxM jrhPUO"
        disabled=""
      >
        Previous
      </button>
      <button
        class="sc-dpBQxM cTIymj"
      >
        Next
      </button>
    </div>
  </div>
</DocumentFragment>
`;
